exports[`Dashboard 1`] = `
<View
  style={
    Object {
      "flex": 1,
      "justifyContent": "flex-start",
    }
  }>
  <View
    style={
      Object {
        "alignItems": "center",
        "flexDirection": "row",
        "height": 50,
        "paddingLeft": 20,
        "paddingRight": 20,
        "shadowColor": "black",
        "shadowOffset": Object {
          "width": 2,
        },
        "shadowOpacity": 0.09,
        "shadowRadius": 4,
      }
    }>
    <View
      style={
        Object {
          "flex": 2,
          "flexDirection": "row",
          "justifyContent": "space-around",
        }
      }>
      <Text
        accessible={true}
        allowFontScaling={true}
        ellipsizeMode="tail"
        style={
          Array [
            Object {
              "color": "rgba(74, 74, 74, 1)",
              "fontFamily": "Bariol",
              "fontSize": 16,
            },
            Object {
              "flex": 1,
              "fontSize": 20,
              "fontWeight": "bold",
            },
          ]
        }>
        DASHBOARD
      </Text>
      <TextInput
        style={
          Array [
            Object {
              "color": "rgba(74, 74, 74, 1)",
              "fontFamily": "Bariol",
              "fontSize": 16,
            },
            Object {
              "color": "rgba(220, 221, 225, 1)",
              "flex": 3,
            },
          ]
        }
        value="zoeken…" />
    </View>
    <View
      style={
        Object {
          "alignItems": "center",
          "flex": 2,
          "flexDirection": "row",
          "justifyContent": "flex-end",
          "marginRight": 20,
        }
      }>
      <Image
        source={1}
        style={
          Object {
            "borderRadius": 2.5,
            "height": 35,
            "marginRight": 6,
            "width": 35,
          }
        } />
      <Text
        accessible={true}
        allowFontScaling={true}
        ellipsizeMode="tail"
        style={
          Array [
            Object {
              "color": "rgba(74, 74, 74, 1)",
              "fontFamily": "Bariol",
              "fontSize": 16,
            },
            Object {
              "color": "rgba(155, 155, 155, 1)",
              "fontSize": 14,
              "fontWeight": "bold",
            },
          ]
        }>
        Celestine Verghaege
      </Text>
    </View>
  </View>
</View>
`;
